openapi: 3.1.0
info:
    title: Laravel
    version: 0.0.1
servers:
    - { url: 'http://localhost/api' }
paths:
    /test: { get: { operationId: fooTestFive.index, tags: [Foo_TestFive], responses: { 200: { description: '', content: { application/json: { schema: { type: string } } } }, 201: { description: '`UserTransformer`', content: { application/json: { schema: { $ref: '#/components/schemas/UserTransformer' } } } } } } }
components:
    schemas: { UserTransformer: { type: object, properties: { id: { type: integer }, name: { type: string }, testString: { type: string, example: iasdihas }, testNumber: { type: integer } }, required: [id, name, testString, testNumber], title: UserTransformer } }
